2026-05-16 01:16:29 IST - ErrorLog - ERROR - Telegram failed: {"ok":false,"error_code":404,"description":"Not Found"}
2026-05-16 01:35:56 IST - ErrorLog - ERROR - Telegram failed: {"ok":false,"error_code":404,"description":"Not Found"}
2026-05-16 01:58:34 IST - ErrorLog - ERROR - Telegram failed: {"ok":false,"error_code":404,"description":"Not Found"}
2026-05-16 01:58:34 IST - ErrorLog - ERROR - WS Error: Handshake status 403 Forbidden -+-+- {'server': 'CloudFront', 'date': 'Fri, 15 May 2026 20:28:34 GMT', 'content-type': 'text/html', 'content-length': '919', 'connection': 'close', 'x-cache': 'Error from cloudfront', 'via': '1.1 2efdf2f907b6378e5a3313db8e0fd188.cloudfront.net (CloudFront)', 'x-amz-cf-pop': 'BOM78-P11', 'x-amz-cf-id': '4H6t0whdVwZJEHD8ISmYvwwV69Ht9qmRPuNig-U0CWm9H3V-kc6dZA==', 'access-control-allow-origin': '*'} -+-+- b'<!DOCTYPE HTML PUBLIC "-//W3C//DTD HTML 4.01 Transitional//EN" "http://www.w3.org/TR/html4/loose.dtd">\n<HTML><HEAD><META HTTP-EQUIV="Content-Type" CONTENT="text/html; charset=iso-8859-1">\n<TITLE>ERROR: The request could not be satisfied</TITLE>\n</HEAD><BODY>\n<H1>403 ERROR</H1>\n<H2>The request could not be satisfied.</H2>\n<HR noshade size="1px">\nRequest blocked.\nWe can\'t connect to the server for this app or website at this time. There might be too much traffic or a configuration error. Try again later, or contact the app or website owner.\n<BR clear="all">\nIf you provide content to customers through CloudFront, you can find steps to troubleshoot and help prevent this error by reviewing the CloudFront documentation.\n<BR clear="all">\n<HR noshade size="1px">\n<PRE>\nGenerated by cloudfront (CloudFront)\nRequest ID: 4H6t0whdVwZJEHD8ISmYvwwV69Ht9qmRPuNig-U0CWm9H3V-kc6dZA==\n</PRE>\n<ADDRESS>\n</ADDRESS>\n</BODY></HTML>'
2026-05-16 01:58:39 IST - ErrorLog - ERROR - WS Error: Handshake status 403 Forbidden -+-+- {'server': 'CloudFront', 'date': 'Fri, 15 May 2026 20:28:39 GMT', 'content-type': 'text/html', 'content-length': '919', 'connection': 'close', 'x-cache': 'Error from cloudfront', 'via': '1.1 d73fd9e8922bacf5e37e5ab82f5d370c.cloudfront.net (CloudFront)', 'x-amz-cf-pop': 'BOM78-P11', 'x-amz-cf-id': 'FKfWEx7Sq829w06ljjIqheySFG-IkFvXzTDKEEfdxyK7CQhHKCrEiQ==', 'access-control-allow-origin': '*'} -+-+- b'<!DOCTYPE HTML PUBLIC "-//W3C//DTD HTML 4.01 Transitional//EN" "http://www.w3.org/TR/html4/loose.dtd">\n<HTML><HEAD><META HTTP-EQUIV="Content-Type" CONTENT="text/html; charset=iso-8859-1">\n<TITLE>ERROR: The request could not be satisfied</TITLE>\n</HEAD><BODY>\n<H1>403 ERROR</H1>\n<H2>The request could not be satisfied.</H2>\n<HR noshade size="1px">\nRequest blocked.\nWe can\'t connect to the server for this app or website at this time. There might be too much traffic or a configuration error. Try again later, or contact the app or website owner.\n<BR clear="all">\nIf you provide content to customers through CloudFront, you can find steps to troubleshoot and help prevent this error by reviewing the CloudFront documentation.\n<BR clear="all">\n<HR noshade size="1px">\n<PRE>\nGenerated by cloudfront (CloudFront)\nRequest ID: FKfWEx7Sq829w06ljjIqheySFG-IkFvXzTDKEEfdxyK7CQhHKCrEiQ==\n</PRE>\n<ADDRESS>\n</ADDRESS>\n</BODY></HTML>'
2026-05-16 01:58:44 IST - ErrorLog - ERROR - WS Error: Handshake status 403 Forbidden -+-+- {'server': 'CloudFront', 'date': 'Fri, 15 May 2026 20:28:44 GMT', 'content-type': 'text/html', 'content-length': '919', 'connection': 'close', 'x-cache': 'Error from cloudfront', 'via': '1.1 8c0041b3598a539d39642d111544edbe.cloudfront.net (CloudFront)', 'x-amz-cf-pop': 'BOM78-P11', 'x-amz-cf-id': 'dU8rJdscGMyptiwJQT9LxF-ROWCZ8STsfotOvh1ouZfunZq8xD7BEA==', 'access-control-allow-origin': '*'} -+-+- b'<!DOCTYPE HTML PUBLIC "-//W3C//DTD HTML 4.01 Transitional//EN" "http://www.w3.org/TR/html4/loose.dtd">\n<HTML><HEAD><META HTTP-EQUIV="Content-Type" CONTENT="text/html; charset=iso-8859-1">\n<TITLE>ERROR: The request could not be satisfied</TITLE>\n</HEAD><BODY>\n<H1>403 ERROR</H1>\n<H2>The request could not be satisfied.</H2>\n<HR noshade size="1px">\nRequest blocked.\nWe can\'t connect to the server for this app or website at this time. There might be too much traffic or a configuration error. Try again later, or contact the app or website owner.\n<BR clear="all">\nIf you provide content to customers through CloudFront, you can find steps to troubleshoot and help prevent this error by reviewing the CloudFront documentation.\n<BR clear="all">\n<HR noshade size="1px">\n<PRE>\nGenerated by cloudfront (CloudFront)\nRequest ID: dU8rJdscGMyptiwJQT9LxF-ROWCZ8STsfotOvh1ouZfunZq8xD7BEA==\n</PRE>\n<ADDRESS>\n</ADDRESS>\n</BODY></HTML>'
2026-05-16 01:58:49 IST - ErrorLog - ERROR - WS Error: Handshake status 403 Forbidden -+-+- {'server': 'CloudFront', 'date': 'Fri, 15 May 2026 20:28:49 GMT', 'content-type': 'text/html', 'content-length': '919', 'connection': 'close', 'x-cache': 'Error from cloudfront', 'via': '1.1 98668a17fb98afaedf2be4666cac7b04.cloudfront.net (CloudFront)', 'x-amz-cf-pop': 'BOM78-P11', 'x-amz-cf-id': 'F1F5FOw_yBIVY36l8fvENqePphQAigEmFGcIXCVyoFnJ-tQ9kwOByw==', 'access-control-allow-origin': '*'} -+-+- b'<!DOCTYPE HTML PUBLIC "-//W3C//DTD HTML 4.01 Transitional//EN" "http://www.w3.org/TR/html4/loose.dtd">\n<HTML><HEAD><META HTTP-EQUIV="Content-Type" CONTENT="text/html; charset=iso-8859-1">\n<TITLE>ERROR: The request could not be satisfied</TITLE>\n</HEAD><BODY>\n<H1>403 ERROR</H1>\n<H2>The request could not be satisfied.</H2>\n<HR noshade size="1px">\nRequest blocked.\nWe can\'t connect to the server for this app or website at this time. There might be too much traffic or a configuration error. Try again later, or contact the app or website owner.\n<BR clear="all">\nIf you provide content to customers through CloudFront, you can find steps to troubleshoot and help prevent this error by reviewing the CloudFront documentation.\n<BR clear="all">\n<HR noshade size="1px">\n<PRE>\nGenerated by cloudfront (CloudFront)\nRequest ID: F1F5FOw_yBIVY36l8fvENqePphQAigEmFGcIXCVyoFnJ-tQ9kwOByw==\n</PRE>\n<ADDRESS>\n</ADDRESS>\n</BODY></HTML>'
2026-05-16 01:59:01 IST - ErrorLog - ERROR - Telegram failed: {"ok":false,"error_code":404,"description":"Not Found"}
2026-05-16 02:03:58 IST - ErrorLog - ERROR - Telegram failed: {"ok":false,"error_code":404,"description":"Not Found"}
2026-05-16 02:13:58 IST - ErrorLog - ERROR - WS Error: Connection to remote host was lost.
2026-05-16 02:24:04 IST - ErrorLog - ERROR - WS Error: Connection to remote host was lost.
2026-05-16 02:34:09 IST - ErrorLog - ERROR - WS Error: Connection to remote host was lost.
2026-05-16 02:44:14 IST - ErrorLog - ERROR - WS Error: Connection to remote host was lost.
2026-05-16 02:54:20 IST - ErrorLog - ERROR - WS Error: Connection to remote host was lost.
2026-05-16 03:04:25 IST - ErrorLog - ERROR - WS Error: Connection to remote host was lost.
2026-05-16 03:14:30 IST - ErrorLog - ERROR - WS Error: Connection to remote host was lost.
2026-05-16 03:24:36 IST - ErrorLog - ERROR - WS Error: Connection to remote host was lost.
2026-05-16 03:34:41 IST - ErrorLog - ERROR - WS Error: Connection to remote host was lost.
2026-05-17 10:44:06 IST - ErrorLog - ERROR - WS Error: Connection to remote host was lost.
2026-05-17 10:54:08 IST - ErrorLog - ERROR - WS Error: Connection to remote host was lost.
2026-05-17 11:06:57 IST - ErrorLog - ERROR - WS Error: Connection to remote host was lost.
2026-05-17 11:16:58 IST - ErrorLog - ERROR - WS Error: Connection to remote host was lost.
2026-05-17 11:27:00 IST - ErrorLog - ERROR - WS Error: Connection to remote host was lost.
2026-05-17 11:56:08 IST - ErrorLog - ERROR - WS Error: Connection to remote host was lost.
2026-05-17 12:06:09 IST - ErrorLog - ERROR - WS Error: Connection to remote host was lost.
2026-05-17 12:16:10 IST - ErrorLog - ERROR - WS Error: Connection to remote host was lost.
2026-05-18 20:57:14 IST - ErrorLog - ERROR - WS Error: Connection to remote host was lost.
2026-05-18 23:43:23 IST - ErrorLog - ERROR - API: Time sync failed: HTTPSConnectionPool(host='api.india.delta.exchange', port=443): Max retries exceeded with url: /v2/tickers (Caused by NameResolutionError("HTTPSConnection(host='api.india.delta.exchange', port=443): Failed to resolve 'api.india.delta.exchange' ([Errno 11001] getaddrinfo failed)"))
2026-05-18 23:43:23 IST - ErrorLog - ERROR - API Request failed: GET /v2/tickers - HTTPSConnectionPool(host='api.india.delta.exchange', port=443): Max retries exceeded with url: /v2/tickers?contract_types=call_options,put_options&underlying_asset_symbol=BTC (Caused by NameResolutionError("HTTPSConnection(host='api.india.delta.exchange', port=443): Failed to resolve 'api.india.delta.exchange' ([Errno 11001] getaddrinfo failed)"))
2026-05-19 00:38:53 IST - ErrorLog - ERROR - WS Error: Connection to remote host was lost.
2026-05-19 21:18:43 IST - ErrorLog - ERROR - WS Error: Connection to remote host was lost.
2026-05-19 21:28:44 IST - ErrorLog - ERROR - WS Error: Connection to remote host was lost.
2026-05-19 21:48:14 IST - ErrorLog - ERROR - WS Error: Connection to remote host was lost.
2026-05-19 22:01:52 IST - ErrorLog - ERROR - API Request failed: GET /v2/tickers - ('Connection aborted.', ConnectionResetError(10054, 'An existing connection was forcibly closed by the remote host', None, 10054, None))
2026-05-19 22:02:41 IST - ErrorLog - ERROR - WS Error: [WinError 10054] An existing connection was forcibly closed by the remote host
2026-05-19 22:12:43 IST - ErrorLog - ERROR - WS Error: Connection to remote host was lost.
2026-05-19 22:22:44 IST - ErrorLog - ERROR - WS Error: Connection to remote host was lost.
2026-05-20 20:57:06 IST - ErrorLog - ERROR - WS Error: Connection to remote host was lost.
2026-05-20 21:07:08 IST - ErrorLog - ERROR - WS Error: Connection to remote host was lost.
2026-05-20 21:17:09 IST - ErrorLog - ERROR - WS Error: Connection to remote host was lost.
2026-05-20 21:27:10 IST - ErrorLog - ERROR - WS Error: Connection to remote host was lost.
2026-05-20 21:28:04 IST - ErrorLog - ERROR - API Request failed: GET /v2/tickers - ('Connection aborted.', ConnectionResetError(10054, 'An existing connection was forcibly closed by the remote host', None, 10054, None))
2026-05-20 21:37:12 IST - ErrorLog - ERROR - WS Error: Connection to remote host was lost.
2026-05-20 21:47:13 IST - ErrorLog - ERROR - WS Error: Connection to remote host was lost.
2026-05-20 21:57:14 IST - ErrorLog - ERROR - WS Error: Connection to remote host was lost.
2026-05-20 22:07:16 IST - ErrorLog - ERROR - WS Error: Connection to remote host was lost.
2026-05-20 22:10:14 IST - ErrorLog - ERROR - WS Error: [WinError 10054] An existing connection was forcibly closed by the remote host
2026-05-20 22:20:15 IST - ErrorLog - ERROR - WS Error: Connection to remote host was lost.
2026-05-20 22:30:17 IST - ErrorLog - ERROR - WS Error: Connection to remote host was lost.
2026-05-20 22:40:18 IST - ErrorLog - ERROR - WS Error: Connection to remote host was lost.
2026-05-21 22:52:36 IST - ErrorLog - ERROR - WS Error: [WinError 10054] An existing connection was forcibly closed by the remote host
2026-05-21 23:02:37 IST - ErrorLog - ERROR - WS Error: Connection to remote host was lost.
2026-05-21 23:19:47 IST - ErrorLog - ERROR - WS Error: Connection to remote host was lost.
2026-05-21 23:29:49 IST - ErrorLog - ERROR - WS Error: Connection to remote host was lost.
2026-05-21 23:32:20 IST - ErrorLog - ERROR - WS Error: [WinError 10054] An existing connection was forcibly closed by the remote host
2026-05-21 23:38:14 IST - ErrorLog - ERROR - API Request failed: GET /v2/tickers - ('Connection aborted.', ConnectionResetError(10054, 'An existing connection was forcibly closed by the remote host', None, 10054, None))
2026-05-21 23:39:32 IST - ErrorLog - ERROR - WS Error: [WinError 10054] An existing connection was forcibly closed by the remote host
2026-05-21 23:49:33 IST - ErrorLog - ERROR - WS Error: Connection to remote host was lost.
2026-05-23 12:27:39 IST - ErrorLog - ERROR - Monitor: Error in monitor loop: 'list' object has no attribute 'get'
2026-05-23 12:27:45 IST - ErrorLog - ERROR - Monitor: Error in monitor loop: 'list' object has no attribute 'get'
2026-05-23 12:27:52 IST - ErrorLog - ERROR - Monitor: Error in monitor loop: 'list' object has no attribute 'get'
2026-05-23 18:41:15 IST - ErrorLog - ERROR - API Request failed: POST /v2/orders/margin_mode - Expecting value: line 1 column 1 (char 0)
2026-05-23 18:41:16 IST - ErrorLog - ERROR - API Request failed: POST /v2/orders/margin_mode - Expecting value: line 1 column 1 (char 0)
2026-05-25 22:54:50 IST - ErrorLog - ERROR - API Request failed: POST /v2/orders/margin_mode - Expecting value: line 1 column 1 (char 0)
2026-05-25 22:54:50 IST - ErrorLog - ERROR - API Request failed: POST /v2/orders/margin_mode - Expecting value: line 1 column 1 (char 0)
2026-05-25 22:55:34 IST - ErrorLog - ERROR - API Request failed: POST /v2/orders/margin_mode - Expecting value: line 1 column 1 (char 0)
2026-05-25 22:55:35 IST - ErrorLog - ERROR - API Request failed: POST /v2/orders/margin_mode - Expecting value: line 1 column 1 (char 0)
2026-05-25 22:56:52 IST - ErrorLog - ERROR - Monitor: Error in monitor loop: name 'config' is not defined
2026-05-25 22:56:58 IST - ErrorLog - ERROR - Monitor: Error in monitor loop: name 'config' is not defined
2026-05-25 22:57:05 IST - ErrorLog - ERROR - Monitor: Error in monitor loop: name 'config' is not defined
2026-05-25 22:57:11 IST - ErrorLog - ERROR - Monitor: Error in monitor loop: name 'config' is not defined
2026-06-20 00:06:14 IST - ErrorLog - ERROR - Telegram notification error: HTTPSConnectionPool(host='api.telegram.org', port=443): Max retries exceeded with url: /bot8834324257:AAHyKLAvZL2nuYChXfQtfypJq1N5oGSpyFk/sendMessage (Caused by ConnectTimeoutError(<HTTPSConnection(host='api.telegram.org', port=443) at 0x1bf405452b0>, 'Connection to api.telegram.org timed out. (connect timeout=10)'))
2026-06-20 00:06:34 IST - ErrorLog - ERROR - Telegram notification error: HTTPSConnectionPool(host='api.telegram.org', port=443): Max retries exceeded with url: /bot8834324257:AAHyKLAvZL2nuYChXfQtfypJq1N5oGSpyFk/sendMessage (Caused by ConnectTimeoutError(<HTTPSConnection(host='api.telegram.org', port=443) at 0x1bf405a1810>, 'Connection to api.telegram.org timed out. (connect timeout=10)'))
2026-06-20 00:14:07 IST - ErrorLog - ERROR - Telegram notification error: HTTPSConnectionPool(host='api.telegram.org', port=443): Max retries exceeded with url: /bot8834324257:AAHyKLAvZL2nuYChXfQtfypJq1N5oGSpyFk/sendMessage (Caused by ConnectTimeoutError(<HTTPSConnection(host='api.telegram.org', port=443) at 0x28b81f79160>, 'Connection to api.telegram.org timed out. (connect timeout=10)'))
2026-06-20 12:36:51 IST - ErrorLog - ERROR - Telegram notification error: HTTPSConnectionPool(host='api.telegram.org', port=443): Max retries exceeded with url: /bot8834324257:AAHyKLAvZL2nuYChXfQtfypJq1N5oGSpyFk/sendMessage (Caused by ConnectTimeoutError(<HTTPSConnection(host='api.telegram.org', port=443) at 0x23f0689e710>, 'Connection to api.telegram.org timed out. (connect timeout=10)'))
2026-06-20 12:36:51 IST - ErrorLog - ERROR - Telegram notification error: HTTPSConnectionPool(host='api.telegram.org', port=443): Max retries exceeded with url: /bot8834324257:AAHyKLAvZL2nuYChXfQtfypJq1N5oGSpyFk/sendMessage (Caused by ConnectTimeoutError(<HTTPSConnection(host='api.telegram.org', port=443) at 0x23f0689f9d0>, 'Connection to api.telegram.org timed out. (connect timeout=10)'))
2026-06-22 22:56:45 IST - ErrorLog - ERROR - Telegram notification error: HTTPSConnectionPool(host='api.telegram.org', port=443): Max retries exceeded with url: /bot8834324257:AAHyKLAvZL2nuYChXfQtfypJq1N5oGSpyFk/sendMessage (Caused by ConnectTimeoutError(<HTTPSConnection(host='api.telegram.org', port=443) at 0x2d6c2677390>, 'Connection to api.telegram.org timed out. (connect timeout=10)'))
2026-07-06 13:35:55 IST - ErrorLog - ERROR - Telegram failed: {"ok":false,"error_code":404,"description":"Not Found"}
2026-07-06 13:36:19 IST - ErrorLog - ERROR - Telegram failed: {"ok":false,"error_code":404,"description":"Not Found"}
2026-07-06 13:37:53 IST - ErrorLog - ERROR - Telegram failed: {"ok":false,"error_code":404,"description":"Not Found"}
2026-07-06 13:39:00 IST - ErrorLog - ERROR - Telegram failed: {"ok":false,"error_code":404,"description":"Not Found"}
2026-07-06 13:39:32 IST - ErrorLog - ERROR - Telegram failed: {"ok":false,"error_code":404,"description":"Not Found"}
2026-07-06 13:43:43 IST - ErrorLog - ERROR - Telegram failed: {"ok":false,"error_code":404,"description":"Not Found"}
2026-07-06 13:44:47 IST - ErrorLog - ERROR - Telegram failed: {"ok":false,"error_code":404,"description":"Not Found"}
2026-07-06 13:48:35 IST - ErrorLog - ERROR - Telegram failed: {"ok":false,"error_code":404,"description":"Not Found"}
2026-07-06 13:49:02 IST - ErrorLog - ERROR - Telegram failed: {"ok":false,"error_code":404,"description":"Not Found"}
2026-07-06 13:50:51 IST - ErrorLog - ERROR - Telegram failed: {"ok":false,"error_code":404,"description":"Not Found"}
2026-07-06 13:51:18 IST - ErrorLog - ERROR - Telegram failed: {"ok":false,"error_code":404,"description":"Not Found"}
2026-07-06 13:51:59 IST - ErrorLog - ERROR - Telegram failed: {"ok":false,"error_code":404,"description":"Not Found"}
2026-07-06 13:52:28 IST - ErrorLog - ERROR - Telegram failed: {"ok":false,"error_code":404,"description":"Not Found"}
2026-07-06 13:53:11 IST - ErrorLog - ERROR - Telegram failed: {"ok":false,"error_code":404,"description":"Not Found"}
2026-07-06 14:04:32 IST - ErrorLog - ERROR - Telegram failed: {"ok":false,"error_code":404,"description":"Not Found"}
2026-07-06 14:15:59 IST - ErrorLog - ERROR - Telegram failed: {"ok":false,"error_code":404,"description":"Not Found"}
2026-07-06 14:17:24 IST - ErrorLog - ERROR - Telegram failed: {"ok":false,"error_code":404,"description":"Not Found"}
2026-07-06 14:26:07 IST - ErrorLog - ERROR - Telegram failed: {"ok":false,"error_code":404,"description":"Not Found"}
2026-07-06 14:29:57 IST - ErrorLog - ERROR - Telegram failed: {"ok":false,"error_code":404,"description":"Not Found"}
2026-07-06 14:30:01 IST - ErrorLog - ERROR - Telegram failed: {"ok":false,"error_code":404,"description":"Not Found"}
2026-07-06 17:30:58 IST - ErrorLog - ERROR - Telegram failed: {"ok":false,"error_code":404,"description":"Not Found"}
2026-07-09 22:34:58 IST - ErrorLog - ERROR - Telegram failed: {"ok":false,"error_code":404,"description":"Not Found"}
2026-07-09 22:37:01 IST - ErrorLog - ERROR - Telegram failed: {"ok":false,"error_code":404,"description":"Not Found"}
2026-07-09 22:37:54 IST - ErrorLog - ERROR - Telegram failed: {"ok":false,"error_code":404,"description":"Not Found"}
2026-07-09 22:42:36 IST - ErrorLog - ERROR - Telegram failed: {"ok":false,"error_code":404,"description":"Not Found"}
2026-07-09 23:24:22 IST - ErrorLog - ERROR - Telegram failed: {"ok":false,"error_code":404,"description":"Not Found"}
2026-07-11 11:35:19 IST - ErrorLog - ERROR - Telegram failed: {"ok":false,"error_code":404,"description":"Not Found"}
2026-07-11 11:36:08 IST - ErrorLog - ERROR - Telegram failed: {"ok":false,"error_code":404,"description":"Not Found"}
2026-07-11 11:37:36 IST - ErrorLog - ERROR - Telegram failed: {"ok":false,"error_code":404,"description":"Not Found"}
2026-07-11 11:39:06 IST - ErrorLog - ERROR - Telegram failed: {"ok":false,"error_code":404,"description":"Not Found"}
2026-07-11 11:41:13 IST - ErrorLog - ERROR - Telegram failed: {"ok":false,"error_code":404,"description":"Not Found"}
2026-07-11 11:42:37 IST - ErrorLog - ERROR - Telegram failed: {"ok":false,"error_code":404,"description":"Not Found"}
2026-07-12 20:24:49 IST - ErrorLog - ERROR - Telegram failed: {"ok":false,"error_code":404,"description":"Not Found"}
2026-07-12 20:32:26 IST - ErrorLog - ERROR - Telegram failed: {"ok":false,"error_code":404,"description":"Not Found"}
2026-07-18 11:14:28 IST - ErrorLog - ERROR - Telegram failed: {"ok":false,"error_code":404,"description":"Not Found"}
2026-07-18 13:27:25 IST - ErrorLog - ERROR - Telegram failed: {"ok":false,"error_code":404,"description":"Not Found"}
2026-07-18 13:39:26 IST - ErrorLog - ERROR - Telegram failed: {"ok":false,"error_code":404,"description":"Not Found"}
2026-07-23 22:40:26 IST - ErrorLog - ERROR - Telegram failed: {"ok":false,"error_code":404,"description":"Not Found"}
2026-07-23 22:41:28 IST - ErrorLog - ERROR - Telegram failed: {"ok":false,"error_code":404,"description":"Not Found"}
2026-07-23 23:10:50 IST - ErrorLog - ERROR - Telegram failed: {"ok":false,"error_code":404,"description":"Not Found"}
2026-07-23 23:11:00 IST - ErrorLog - ERROR - Telegram failed: {"ok":false,"error_code":404,"description":"Not Found"}
2026-07-24 20:44:28 IST - ErrorLog - ERROR - Telegram failed: {"ok":false,"error_code":404,"description":"Not Found"}
2026-07-24 22:14:21 IST - ErrorLog - ERROR - Telegram failed: {"ok":false,"error_code":404,"description":"Not Found"}
2026-07-24 22:16:17 IST - ErrorLog - ERROR - Telegram failed: {"ok":false,"error_code":404,"description":"Not Found"}
2026-07-24 22:17:42 IST - ErrorLog - ERROR - Telegram failed: {"ok":false,"error_code":404,"description":"Not Found"}
2026-07-24 22:25:09 IST - ErrorLog - ERROR - Telegram failed: {"ok":false,"error_code":404,"description":"Not Found"}
2026-07-24 22:25:11 IST - ErrorLog - ERROR - Telegram failed: {"ok":false,"error_code":404,"description":"Not Found"}
2026-07-24 23:07:55 IST - ErrorLog - ERROR - Telegram failed: {"ok":false,"error_code":404,"description":"Not Found"}
2026-07-25 00:22:28 IST - ErrorLog - ERROR - Telegram failed: {"ok":false,"error_code":404,"description":"Not Found"}
2026-07-25 00:22:44 IST - ErrorLog - ERROR - Telegram failed: {"ok":false,"error_code":404,"description":"Not Found"}
2026-07-25 11:43:02 IST - ErrorLog - ERROR - Telegram failed: {"ok":false,"error_code":404,"description":"Not Found"}
2026-07-25 12:20:53 IST - ErrorLog - ERROR - Telegram failed: {"ok":false,"error_code":404,"description":"Not Found"}
2026-07-25 12:22:17 IST - ErrorLog - ERROR - Telegram failed: {"ok":false,"error_code":404,"description":"Not Found"}
2026-07-25 12:54:07 IST - ErrorLog - ERROR - Telegram failed: {"ok":false,"error_code":404,"description":"Not Found"}
2026-07-25 13:30:10 IST - ErrorLog - ERROR - Telegram failed: {"ok":false,"error_code":404,"description":"Not Found"}
2026-07-25 14:26:00 IST - ErrorLog - ERROR - Telegram failed: {"ok":false,"error_code":404,"description":"Not Found"}
2026-07-26 02:09:45 IST - ErrorLog - ERROR - Telegram failed: {"ok":false,"error_code":404,"description":"Not Found"}
2026-07-26 02:15:35 IST - ErrorLog - ERROR - Telegram failed: {"ok":false,"error_code":404,"description":"Not Found"}
2026-07-26 10:52:39 IST - ErrorLog - ERROR - Telegram failed: {"ok":false,"error_code":404,"description":"Not Found"}
2026-07-26 11:43:45 IST - ErrorLog - ERROR - Telegram failed: {"ok":false,"error_code":404,"description":"Not Found"}
2026-07-26 11:56:33 IST - ErrorLog - ERROR - Telegram failed: {"ok":false,"error_code":404,"description":"Not Found"}
2026-07-26 11:59:02 IST - ErrorLog - ERROR - Telegram failed: {"ok":false,"error_code":404,"description":"Not Found"}
2026-07-26 11:59:50 IST - ErrorLog - ERROR - Telegram failed: {"ok":false,"error_code":404,"description":"Not Found"}
2026-07-26 12:04:05 IST - ErrorLog - ERROR - Telegram failed: {"ok":false,"error_code":404,"description":"Not Found"}
2026-07-26 12:21:48 IST - ErrorLog - ERROR - Telegram failed: {"ok":false,"error_code":404,"description":"Not Found"}
2026-07-26 12:26:55 IST - ErrorLog - ERROR - Telegram failed: {"ok":false,"error_code":404,"description":"Not Found"}
2026-07-26 12:28:18 IST - ErrorLog - ERROR - Telegram failed: {"ok":false,"error_code":404,"description":"Not Found"}
2026-07-26 12:39:59 IST - ErrorLog - ERROR - Telegram failed: {"ok":false,"error_code":404,"description":"Not Found"}
2026-07-26 12:59:19 IST - ErrorLog - ERROR - Telegram failed: {"ok":false,"error_code":404,"description":"Not Found"}
2026-07-26 13:05:56 IST - ErrorLog - ERROR - Telegram failed: {"ok":false,"error_code":404,"description":"Not Found"}
2026-07-26 13:11:47 IST - ErrorLog - ERROR - Telegram failed: {"ok":false,"error_code":404,"description":"Not Found"}
2026-07-26 13:19:00 IST - ErrorLog - ERROR - Telegram failed: {"ok":false,"error_code":404,"description":"Not Found"}
2026-07-26 13:59:54 IST - ErrorLog - ERROR - Telegram failed: {"ok":false,"error_code":404,"description":"Not Found"}
2026-07-26 14:14:46 IST - ErrorLog - ERROR - Telegram failed: {"ok":false,"error_code":404,"description":"Not Found"}
2026-07-26 14:25:34 IST - ErrorLog - ERROR - Telegram failed: {"ok":false,"error_code":404,"description":"Not Found"}
2026-07-26 15:08:33 IST - ErrorLog - ERROR - Telegram failed: {"ok":false,"error_code":404,"description":"Not Found"}
2026-08-05 21:56:38 IST - ErrorLog - ERROR - Telegram failed: {"ok":false,"error_code":404,"description":"Not Found"}
2026-08-05 21:56:42 IST - ErrorLog - ERROR - Telegram failed: {"ok":false,"error_code":404,"description":"Not Found"}
2026-08-05 21:56:47 IST - ErrorLog - ERROR - Telegram document upload failed: {"ok":false,"error_code":404,"description":"Not Found"}
2026-08-05 21:56:48 IST - ErrorLog - ERROR - Telegram document upload failed: {"ok":false,"error_code":404,"description":"Not Found"}
2026-08-05 21:56:49 IST - ErrorLog - ERROR - Telegram document upload failed: {"ok":false,"error_code":404,"description":"Not Found"}
2026-08-05 21:56:50 IST - ErrorLog - ERROR - Telegram document upload failed: {"ok":false,"error_code":404,"description":"Not Found"}
2026-08-05 21:56:51 IST - ErrorLog - ERROR - Telegram document upload failed: {"ok":false,"error_code":404,"description":"Not Found"}
2026-08-05 21:56:52 IST - ErrorLog - ERROR - Telegram failed: {"ok":false,"error_code":404,"description":"Not Found"}
2026-08-05 22:51:44 IST - ErrorLog - ERROR - Telegram failed: {"ok":false,"error_code":404,"description":"Not Found"}
2026-08-05 22:52:10 IST - ErrorLog - ERROR - Telegram failed: {"ok":false,"error_code":404,"description":"Not Found"}
2026-08-05 22:52:45 IST - ErrorLog - ERROR - Telegram failed: {"ok":false,"error_code":404,"description":"Not Found"}
2026-08-07 21:57:35 IST - ErrorLog - ERROR - Telegram failed: {"ok":false,"error_code":404,"description":"Not Found"}
2026-08-07 21:57:39 IST - ErrorLog - ERROR - Telegram failed: {"ok":false,"error_code":404,"description":"Not Found"}
2026-08-07 21:57:45 IST - ErrorLog - ERROR - Telegram document upload failed: {"ok":false,"error_code":404,"description":"Not Found"}
2026-08-07 21:57:47 IST - ErrorLog - ERROR - Telegram document upload failed: {"ok":false,"error_code":404,"description":"Not Found"}
2026-08-07 21:57:48 IST - ErrorLog - ERROR - Telegram document upload failed: {"ok":false,"error_code":404,"description":"Not Found"}
2026-08-07 21:57:50 IST - ErrorLog - ERROR - Telegram document upload failed: {"ok":false,"error_code":404,"description":"Not Found"}
2026-08-07 21:57:51 IST - ErrorLog - ERROR - Telegram document upload failed: {"ok":false,"error_code":404,"description":"Not Found"}
2026-08-07 21:57:51 IST - ErrorLog - ERROR - Telegram failed: {"ok":false,"error_code":404,"description":"Not Found"}
2026-08-10 23:03:26 IST - ErrorLog - ERROR - Telegram failed: {"ok":false,"error_code":404,"description":"Not Found"}
2026-08-16 07:43:42 IST - ErrorLog - ERROR - Telegram document upload failed: {"ok":false,"error_code":404,"description":"Not Found"}
2026-08-16 07:43:43 IST - ErrorLog - ERROR - Telegram document upload failed: {"ok":false,"error_code":404,"description":"Not Found"}
2026-08-16 07:43:44 IST - ErrorLog - ERROR - Telegram failed: {"ok":false,"error_code":404,"description":"Not Found"}
2026-08-16 08:11:36 IST - ErrorLog - ERROR - Telegram failed: {"ok":false,"error_code":404,"description":"Not Found"}
2026-08-16 08:12:31 IST - ErrorLog - ERROR - Telegram failed: {"ok":false,"error_code":404,"description":"Not Found"}
2026-08-16 08:13:42 IST - ErrorLog - ERROR - Telegram failed: {"ok":false,"error_code":404,"description":"Not Found"}
2026-09-03 21:34:30 IST - ErrorLog - ERROR - Telegram failed: {"ok":false,"error_code":404,"description":"Not Found"}
2026-09-03 21:47:25 IST - ErrorLog - ERROR - Telegram failed: {"ok":false,"error_code":404,"description":"Not Found"}
2026-09-03 21:58:25 IST - ErrorLog - ERROR - Telegram failed: {"ok":false,"error_code":404,"description":"Not Found"}
2026-09-03 22:00:26 IST - ErrorLog - ERROR - Telegram failed: {"ok":false,"error_code":404,"description":"Not Found"}
2026-09-03 22:00:48 IST - ErrorLog - ERROR - Telegram failed: {"ok":false,"error_code":404,"description":"Not Found"}
2026-09-03 22:14:58 IST - ErrorLog - ERROR - API Request failed: GET /v2/tickers - ('Connection aborted.', ConnectionResetError(10054, 'An existing connection was forcibly closed by the remote host', None, 10054, None))
2026-09-03 22:17:35 IST - ErrorLog - ERROR - Telegram failed: {"ok":false,"error_code":404,"description":"Not Found"}
2026-09-03 22:18:33 IST - ErrorLog - ERROR - Telegram failed: {"ok":false,"error_code":404,"description":"Not Found"}
