{"timestamp": "2026-07-18 11:14:13,059", "level": "INFO", "logger": "hedge.engines.shadow.shadow_pipeline_validator", "message": "Starting ShadowPipelineValidator..."}
{"timestamp": "2026-07-18 11:14:13,060", "level": "INFO", "logger": "hedge.ares_orchestrator", "message": "Starting Ares Orchestrator..."}
{"timestamp": "2026-07-18 11:14:13,060", "level": "INFO", "logger": "ARES.ExecutionStateMachine", "message": "Initiating Execution State Machine Recovery..."}
{"timestamp": "2026-07-18 11:14:13,060", "level": "INFO", "logger": "ARES.ExecutionStateMachine", "message": "Execution State Machine Recovery Complete."}
{"timestamp": "2026-07-18 11:14:13,060", "level": "INFO", "logger": "system", "message": "ARES Main Loop started."}
{"timestamp": "2026-07-18 11:14:13,061", "level": "INFO", "logger": "ARES.MarketRegimeEngine", "message": "External regime signal 'WAITING' -> SAFE_RANGE"}
{"timestamp": "2026-07-18 11:14:13,061", "level": "ERROR", "logger": "hedge.ares_orchestrator", "message": "Fatal error in ARES Pipeline tick: TickResult.__init__() got an unexpected keyword argument 'tick_id'", "exception": "Traceback (most recent call last):\n  File \"C:\\Users\\AnkushR\\Downloads\\Delta_BTC_Options_Bot\\Delta_BTC_Options_Bot\\hedge\\ares_orchestrator.py\", line 164, in tick\n    self.latest_tick_result = TickResult(\n                              ~~~~~~~~~~^\n        tick_id=self.tick_number,\n        ^^^^^^^^^^^^^^^^^^^^^^^^^\n    ...<9 lines>...\n        provider_health=\"GREEN\"\n        ^^^^^^^^^^^^^^^^^^^^^^^\n    )\n    ^\nTypeError: TickResult.__init__() got an unexpected keyword argument 'tick_id'"}
{"timestamp": "2026-07-18 11:14:13,317", "level": "INFO", "logger": "BotCore", "message": "Execution: Hedge lock acquired by ARES"}
{"timestamp": "2026-07-18 11:14:14,063", "level": "INFO", "logger": "ARES.MarketRegimeEngine", "message": "External regime signal 'WAITING' -> SAFE_RANGE"}
{"timestamp": "2026-07-18 11:14:14,063", "level": "WARNING", "logger": "ARES.PositionRiskEngine", "message": "Invalid inputs for strike_distance_factor: futures_price=50000.0, strike=0.0"}
{"timestamp": "2026-07-18 11:14:14,063", "level": "WARNING", "logger": "ARES.PositionRiskEngine", "message": "Invalid inputs for strike_distance_factor: futures_price=50000.0, strike=0.0"}
{"timestamp": "2026-07-18 11:14:14,063", "level": "WARNING", "logger": "ARES.PositionRiskEngine", "message": "Invalid inputs for strike_distance_factor: futures_price=50000.0, strike=0.0"}
{"timestamp": "2026-07-18 11:14:15,064", "level": "INFO", "logger": "ARES.MarketRegimeEngine", "message": "External regime signal 'WAITING' -> SAFE_RANGE"}
{"timestamp": "2026-07-18 11:14:15,064", "level": "WARNING", "logger": "ARES.PositionRiskEngine", "message": "Invalid inputs for strike_distance_factor: futures_price=50000.0, strike=0.0"}
{"timestamp": "2026-07-18 11:14:15,064", "level": "WARNING", "logger": "ARES.PositionRiskEngine", "message": "Invalid inputs for strike_distance_factor: futures_price=50000.0, strike=0.0"}
{"timestamp": "2026-07-18 11:14:15,064", "level": "WARNING", "logger": "ARES.PositionRiskEngine", "message": "Invalid inputs for strike_distance_factor: futures_price=50000.0, strike=0.0"}
{"timestamp": "2026-07-18 11:14:16,065", "level": "INFO", "logger": "ARES.MarketRegimeEngine", "message": "External regime signal 'WAITING' -> SAFE_RANGE"}
{"timestamp": "2026-07-18 11:14:16,065", "level": "WARNING", "logger": "ARES.PositionRiskEngine", "message": "Invalid inputs for strike_distance_factor: futures_price=50000.0, strike=0.0"}
{"timestamp": "2026-07-18 11:14:16,065", "level": "WARNING", "logger": "ARES.PositionRiskEngine", "message": "Invalid inputs for strike_distance_factor: futures_price=50000.0, strike=0.0"}
{"timestamp": "2026-07-18 11:14:16,065", "level": "WARNING", "logger": "ARES.PositionRiskEngine", "message": "Invalid inputs for strike_distance_factor: futures_price=50000.0, strike=0.0"}
{"timestamp": "2026-07-18 11:14:17,067", "level": "INFO", "logger": "ARES.MarketRegimeEngine", "message": "External regime signal 'WAITING' -> SAFE_RANGE"}
{"timestamp": "2026-07-18 11:14:17,067", "level": "WARNING", "logger": "ARES.PositionRiskEngine", "message": "Invalid inputs for strike_distance_factor: futures_price=50000.0, strike=0.0"}
{"timestamp": "2026-07-18 11:14:17,067", "level": "WARNING", "logger": "ARES.PositionRiskEngine", "message": "Invalid inputs for strike_distance_factor: futures_price=50000.0, strike=0.0"}
{"timestamp": "2026-07-18 11:14:17,067", "level": "WARNING", "logger": "ARES.PositionRiskEngine", "message": "Invalid inputs for strike_distance_factor: futures_price=50000.0, strike=0.0"}
{"timestamp": "2026-07-18 11:14:18,068", "level": "INFO", "logger": "ARES.MarketRegimeEngine", "message": "External regime signal 'WAITING' -> SAFE_RANGE"}
{"timestamp": "2026-07-18 11:14:18,068", "level": "WARNING", "logger": "ARES.PositionRiskEngine", "message": "Invalid inputs for strike_distance_factor: futures_price=50000.0, strike=0.0"}
{"timestamp": "2026-07-18 11:14:18,069", "level": "WARNING", "logger": "ARES.PositionRiskEngine", "message": "Invalid inputs for strike_distance_factor: futures_price=50000.0, strike=0.0"}
{"timestamp": "2026-07-18 11:14:18,069", "level": "WARNING", "logger": "ARES.PositionRiskEngine", "message": "Invalid inputs for strike_distance_factor: futures_price=50000.0, strike=0.0"}
{"timestamp": "2026-07-18 11:14:19,069", "level": "INFO", "logger": "ARES.MarketRegimeEngine", "message": "External regime signal 'DOWNTREND START' -> CONFIRMED_TREND"}
{"timestamp": "2026-07-18 11:14:19,069", "level": "WARNING", "logger": "ARES.PositionRiskEngine", "message": "Invalid inputs for strike_distance_factor: futures_price=49500.0, strike=0.0"}
{"timestamp": "2026-07-18 11:14:19,069", "level": "WARNING", "logger": "ARES.PositionRiskEngine", "message": "Invalid inputs for strike_distance_factor: futures_price=49500.0, strike=0.0"}
{"timestamp": "2026-07-18 11:14:19,069", "level": "WARNING", "logger": "ARES.PositionRiskEngine", "message": "Invalid inputs for strike_distance_factor: futures_price=49500.0, strike=0.0"}
{"timestamp": "2026-07-18 11:14:19,070", "level": "INFO", "logger": "hedge.ares_orchestrator", "message": "ARES Decision: PARTIAL_HEDGE | Risk: 99.90 | Reason: Volatility Sensitivity"}
{"timestamp": "2026-07-18 11:14:19,617", "level": "INFO", "logger": "BotCore", "message": "Hedge [PAPER]: Simulated sell 2000 contracts at 63938.94413929. ID: PAPER-HEDGE-26128"}
{"timestamp": "2026-07-18 11:14:20,619", "level": "INFO", "logger": "ARES.MarketRegimeEngine", "message": "External regime signal 'DOWNTREND START' -> CONFIRMED_TREND"}
{"timestamp": "2026-07-18 11:14:20,619", "level": "WARNING", "logger": "ARES.PositionRiskEngine", "message": "Invalid inputs for strike_distance_factor: futures_price=48500.0, strike=0.0"}
{"timestamp": "2026-07-18 11:14:20,619", "level": "WARNING", "logger": "ARES.PositionRiskEngine", "message": "Invalid inputs for strike_distance_factor: futures_price=48500.0, strike=0.0"}
{"timestamp": "2026-07-18 11:14:20,619", "level": "WARNING", "logger": "ARES.PositionRiskEngine", "message": "Invalid inputs for strike_distance_factor: futures_price=48500.0, strike=0.0"}
{"timestamp": "2026-07-18 11:14:20,620", "level": "INFO", "logger": "hedge.ares_orchestrator", "message": "ARES Decision: PARTIAL_HEDGE | Risk: 99.95 | Reason: Volatility Sensitivity"}
{"timestamp": "2026-07-18 11:14:21,620", "level": "INFO", "logger": "ARES.MarketRegimeEngine", "message": "External regime signal 'DOWNTREND START' -> CONFIRMED_TREND"}
{"timestamp": "2026-07-18 11:14:21,620", "level": "WARNING", "logger": "ARES.PositionRiskEngine", "message": "Invalid inputs for strike_distance_factor: futures_price=48000.0, strike=0.0"}
{"timestamp": "2026-07-18 11:14:21,620", "level": "WARNING", "logger": "ARES.PositionRiskEngine", "message": "Invalid inputs for strike_distance_factor: futures_price=48000.0, strike=0.0"}
{"timestamp": "2026-07-18 11:14:21,620", "level": "WARNING", "logger": "ARES.PositionRiskEngine", "message": "Invalid inputs for strike_distance_factor: futures_price=48000.0, strike=0.0"}
{"timestamp": "2026-07-18 11:14:21,621", "level": "INFO", "logger": "hedge.ares_orchestrator", "message": "ARES Decision: PARTIAL_HEDGE | Risk: 99.96 | Reason: Volatility Sensitivity"}
{"timestamp": "2026-07-18 11:14:22,621", "level": "INFO", "logger": "ARES.MarketRegimeEngine", "message": "External regime signal 'DOWNTREND START' -> CONFIRMED_TREND"}
{"timestamp": "2026-07-18 11:14:22,622", "level": "WARNING", "logger": "ARES.PositionRiskEngine", "message": "Invalid inputs for strike_distance_factor: futures_price=47500.0, strike=0.0"}
{"timestamp": "2026-07-18 11:14:22,622", "level": "WARNING", "logger": "ARES.PositionRiskEngine", "message": "Invalid inputs for strike_distance_factor: futures_price=47500.0, strike=0.0"}
{"timestamp": "2026-07-18 11:14:22,622", "level": "WARNING", "logger": "ARES.PositionRiskEngine", "message": "Invalid inputs for strike_distance_factor: futures_price=47500.0, strike=0.0"}
{"timestamp": "2026-07-18 11:14:22,622", "level": "INFO", "logger": "hedge.ares_orchestrator", "message": "ARES Decision: PARTIAL_HEDGE | Risk: 99.97 | Reason: Volatility Sensitivity"}
{"timestamp": "2026-07-18 11:14:23,623", "level": "INFO", "logger": "ARES.MarketRegimeEngine", "message": "External regime signal 'DOWNTREND START' -> CONFIRMED_TREND"}
{"timestamp": "2026-07-18 11:14:23,623", "level": "WARNING", "logger": "ARES.PositionRiskEngine", "message": "Invalid inputs for strike_distance_factor: futures_price=47000.0, strike=0.0"}
{"timestamp": "2026-07-18 11:14:23,623", "level": "WARNING", "logger": "ARES.PositionRiskEngine", "message": "Invalid inputs for strike_distance_factor: futures_price=47000.0, strike=0.0"}
{"timestamp": "2026-07-18 11:14:23,623", "level": "WARNING", "logger": "ARES.PositionRiskEngine", "message": "Invalid inputs for strike_distance_factor: futures_price=47000.0, strike=0.0"}
{"timestamp": "2026-07-18 11:14:23,623", "level": "INFO", "logger": "hedge.ares_orchestrator", "message": "ARES Decision: PARTIAL_HEDGE | Risk: 99.98 | Reason: Volatility Sensitivity"}
{"timestamp": "2026-07-18 11:14:24,624", "level": "INFO", "logger": "ARES.MarketRegimeEngine", "message": "External regime signal 'DOWNTREND START' -> CONFIRMED_TREND"}
{"timestamp": "2026-07-18 11:14:24,624", "level": "WARNING", "logger": "ARES.PositionRiskEngine", "message": "Invalid inputs for strike_distance_factor: futures_price=46500.0, strike=0.0"}
{"timestamp": "2026-07-18 11:14:24,625", "level": "WARNING", "logger": "ARES.PositionRiskEngine", "message": "Invalid inputs for strike_distance_factor: futures_price=46500.0, strike=0.0"}
{"timestamp": "2026-07-18 11:14:24,625", "level": "WARNING", "logger": "ARES.PositionRiskEngine", "message": "Invalid inputs for strike_distance_factor: futures_price=46500.0, strike=0.0"}
{"timestamp": "2026-07-18 11:14:24,625", "level": "INFO", "logger": "hedge.ares_orchestrator", "message": "ARES Decision: PARTIAL_HEDGE | Risk: 99.99 | Reason: Volatility Sensitivity"}
{"timestamp": "2026-07-18 11:14:25,626", "level": "INFO", "logger": "ARES.MarketRegimeEngine", "message": "External regime signal 'DOWNTREND START' -> CONFIRMED_TREND"}
{"timestamp": "2026-07-18 11:14:25,626", "level": "WARNING", "logger": "ARES.PositionRiskEngine", "message": "Invalid inputs for strike_distance_factor: futures_price=46000.0, strike=0.0"}
{"timestamp": "2026-07-18 11:14:25,626", "level": "WARNING", "logger": "ARES.PositionRiskEngine", "message": "Invalid inputs for strike_distance_factor: futures_price=46000.0, strike=0.0"}
{"timestamp": "2026-07-18 11:14:25,626", "level": "WARNING", "logger": "ARES.PositionRiskEngine", "message": "Invalid inputs for strike_distance_factor: futures_price=46000.0, strike=0.0"}
{"timestamp": "2026-07-18 11:14:25,626", "level": "INFO", "logger": "hedge.ares_orchestrator", "message": "ARES Decision: PARTIAL_HEDGE | Risk: 99.99 | Reason: Volatility Sensitivity"}
{"timestamp": "2026-07-18 11:14:26,627", "level": "INFO", "logger": "ARES.MarketRegimeEngine", "message": "External regime signal 'DOWNTREND START' -> CONFIRMED_TREND"}
{"timestamp": "2026-07-18 11:14:26,627", "level": "WARNING", "logger": "ARES.PositionRiskEngine", "message": "Invalid inputs for strike_distance_factor: futures_price=45500.0, strike=0.0"}
{"timestamp": "2026-07-18 11:14:26,627", "level": "WARNING", "logger": "ARES.PositionRiskEngine", "message": "Invalid inputs for strike_distance_factor: futures_price=45500.0, strike=0.0"}
{"timestamp": "2026-07-18 11:14:26,627", "level": "WARNING", "logger": "ARES.PositionRiskEngine", "message": "Invalid inputs for strike_distance_factor: futures_price=45500.0, strike=0.0"}
{"timestamp": "2026-07-18 11:14:26,627", "level": "INFO", "logger": "hedge.ares_orchestrator", "message": "ARES Decision: PARTIAL_HEDGE | Risk: 99.99 | Reason: Volatility Sensitivity"}
{"timestamp": "2026-07-18 11:14:27,628", "level": "INFO", "logger": "ARES.MarketRegimeEngine", "message": "External regime signal 'DOWNTREND START' -> CONFIRMED_TREND"}
{"timestamp": "2026-07-18 11:14:27,629", "level": "WARNING", "logger": "ARES.PositionRiskEngine", "message": "Invalid inputs for strike_distance_factor: futures_price=45000.0, strike=0.0"}
{"timestamp": "2026-07-18 11:14:27,629", "level": "WARNING", "logger": "ARES.PositionRiskEngine", "message": "Invalid inputs for strike_distance_factor: futures_price=45000.0, strike=0.0"}
{"timestamp": "2026-07-18 11:14:27,629", "level": "WARNING", "logger": "ARES.PositionRiskEngine", "message": "Invalid inputs for strike_distance_factor: futures_price=45000.0, strike=0.0"}
{"timestamp": "2026-07-18 11:14:27,629", "level": "INFO", "logger": "hedge.ares_orchestrator", "message": "ARES Decision: PARTIAL_HEDGE | Risk: 99.99 | Reason: Directional Threat"}
{"timestamp": "2026-07-18 11:14:28,321", "level": "INFO", "logger": "BotCore", "message": "Engine: Exit cycle triggered (Fixed Time Square-off)"}
{"timestamp": "2026-07-18 11:14:28,630", "level": "INFO", "logger": "ARES.MarketRegimeEngine", "message": "External regime signal 'DOWNTREND START' -> CONFIRMED_TREND"}
{"timestamp": "2026-07-18 11:14:28,630", "level": "WARNING", "logger": "ARES.PositionRiskEngine", "message": "Invalid inputs for strike_distance_factor: futures_price=45000.0, strike=0.0"}
{"timestamp": "2026-07-18 11:14:28,630", "level": "WARNING", "logger": "ARES.PositionRiskEngine", "message": "Invalid inputs for strike_distance_factor: futures_price=45000.0, strike=0.0"}
{"timestamp": "2026-07-18 11:14:28,631", "level": "WARNING", "logger": "ARES.PositionRiskEngine", "message": "Invalid inputs for strike_distance_factor: futures_price=45000.0, strike=0.0"}
{"timestamp": "2026-07-18 11:14:28,631", "level": "INFO", "logger": "hedge.ares_orchestrator", "message": "ARES Decision: PARTIAL_HEDGE | Risk: 99.99 | Reason: Directional Threat"}
{"timestamp": "2026-07-18 11:14:28,968", "level": "ERROR", "logger": "ErrorLog", "message": "Telegram failed: {\"ok\":false,\"error_code\":404,\"description\":\"Not Found\"}"}
{"timestamp": "2026-07-18 11:14:28,970", "level": "INFO", "logger": "BotCore", "message": "Execution: Closing all positions due to End of Day Square-off"}
{"timestamp": "2026-07-18 11:14:28,970", "level": "INFO", "logger": "BotCore", "message": "Execution: Hedge lock released by ARES"}
{"timestamp": "2026-07-18 11:14:28,970", "level": "INFO", "logger": "BotCore", "message": "Execution [PAPER]: Simulating close of CALL_60000"}
{"timestamp": "2026-07-18 11:14:28,970", "level": "INFO", "logger": "BotCore", "message": "Execution [PAPER]: Simulating close of PUT_40000"}
{"timestamp": "2026-07-18 11:14:28,970", "level": "INFO", "logger": "BotCore", "message": "Hedge: Closing hedge position. Size: 2.000000 BTC"}
{"timestamp": "2026-07-18 11:14:29,017", "level": "INFO", "logger": "BotCore", "message": "Hedge [PAPER]: Simulated buy 2000 contracts at 63939.04573728. ID: PAPER-HEDGE-26452"}
{"timestamp": "2026-07-18 11:14:29,018", "level": "INFO", "logger": "BotCore", "message": "Hedge: All hedge positions closed"}
{"timestamp": "2026-07-18 11:14:29,018", "level": "ERROR", "logger": "BotCore", "message": "DB: GITHUB_PAT missing! Operating in LOCAL ONLY mode."}
{"timestamp": "2026-07-18 11:14:29,019", "level": "INFO", "logger": "BotCore", "message": "Hedge: State fully reset."}
{"timestamp": "2026-07-18 11:14:29,019", "level": "INFO", "logger": "BotCore", "message": "Risk [DPL]: Trailing state reset for new trade."}
{"timestamp": "2026-07-18 11:14:29,166", "level": "INFO", "logger": "BotCore", "message": "Engine: Daily state reset."}
